nohup: ignoring input

> nightscout-widget-electron@0.8.3 dist
> electron-builder --win nsis zip --publish never

  • electron-builder  version=26.0.12 os=6.6.87.2-microsoft-standard-WSL2
  • loaded configuration  file=package.json ("build" field)
  • executing @electron/rebuild  electronVersion=38.4.0 arch=x64 buildFromSource=false appDir=./
  • installing native dependencies  arch=x64
  • completed installing native dependencies
  • packaging       platform=win32 arch=x64 electron=38.4.0 appOutDir=dist/win-unpacked
  • downloading     url=https://github.com/electron/electron/releases/download/v38.4.0/electron-v38.4.0-win32-x64.zip size=136 MB parts=8
  • downloaded      url=https://github.com/electron/electron/releases/download/v38.4.0/electron-v38.4.0-win32-x64.zip duration=6.516s
  • updating asar integrity executable resource  executablePath=dist/win-unpacked/Owlet.exe
  • downloading     url=https://github.com/electron-userland/electron-builder-binaries/releases/download/winCodeSign-2.6.0/winCodeSign-2.6.0.7z size=5.6 MB parts=1
  • downloaded      url=https://github.com/electron-userland/electron-builder-binaries/releases/download/winCodeSign-2.6.0/winCodeSign-2.6.0.7z duration=525ms
  ⨯ wine is required, please see https://electron.build/multi-platform-build#linux  
  ⨯ /mnt/c/Users/s.vanas/nightscout-widget-electron/node_modules/app-builder-bin/linux/x64/app-builder process failed ERR_ELECTRON_BUILDER_CANNOT_EXECUTE
Exit code:
1  failedTask=build stackTrace=Error: /mnt/c/Users/s.vanas/nightscout-widget-electron/node_modules/app-builder-bin/linux/x64/app-builder process failed ERR_ELECTRON_BUILDER_CANNOT_EXECUTE
Exit code:
1
    at ChildProcess.<anonymous> (/mnt/c/Users/s.vanas/nightscout-widget-electron/node_modules/builder-util/src/util.ts:259:14)
    at Object.onceWrapper (node:events:632:26)
    at ChildProcess.emit (node:events:517:28)
    at maybeClose (node:internal/child_process:1098:16)
    at Process.ChildProcess._handle.onexit (node:internal/child_process:303:5)
